// Jest Snapshot v1, https://goo.gl/fbAQLP

exports[`Phylogram component Tree from inputTree with different branch key works 1`] = `
<div
  id="phylogram"
>
  <svgpanzoom-stub
    center="true"
    dblclickzoomenabled="true"
    maxzoom="10"
    minzoom="0.5"
    mousewheelzoomenabled="true"
    panenabled="true"
    preventmouseeventsdefault="true"
    refreshrate="auto"
    style="width: 600px; height: 400px;"
    viewportselector=".svg-pan-zoom_viewport"
    zoomenabled="true"
    zoomscalesensitivity="0.2"
  >
    <svg
      height="400"
      id="svgphylo"
      width="600"
    >
      <g
        id="groupphylo"
        transform="translate(10,10)"
      >
        <g
          transform="translate(10, 10)"
        >
          <link-stub
            rightAngle="true"
            source="[object Object]"
            stroke="black"
            strokeWidth="2.4416742982683584"
            target="[object Object]"
          />
          <link-stub
            rightAngle="true"
            source="[object Object]"
            stroke="black"
            strokeWidth="2.4416742982683584"
            target="[object Object]"
          />
          <link-stub
            rightAngle="true"
            source="[object Object]"
            stroke="black"
            strokeWidth="2.4416742982683584"
            target="[object Object]"
          />
          <link-stub
            rightAngle="true"
            source="[object Object]"
            stroke="black"
            strokeWidth="2.4416742982683584"
            target="[object Object]"
          />
          <link-stub
            rightAngle="true"
            source="[object Object]"
            stroke="black"
            strokeWidth="2.4416742982683584"
            target="[object Object]"
          />
          <link-stub
            rightAngle="true"
            source="[object Object]"
            stroke="black"
            strokeWidth="2.4416742982683584"
            target="[object Object]"
          />
          <link-stub
            rightAngle="true"
            source="[object Object]"
            stroke="black"
            strokeWidth="2.4416742982683584"
            target="[object Object]"
          />
          <link-stub
            rightAngle="true"
            source="[object Object]"
            stroke="black"
            strokeWidth="2.4416742982683584"
            target="[object Object]"
          />
        </g>
         
        <g
          transform="translate(10, 10)"
        >
          <node-stub
            fill="greenyellow"
            id="ABCDE"
            show="true"
            size="8.067334109390472"
            strokeColor="darkblue"
            x="253.5"
            y="0"
          />
          <node-stub
            fill="lightsalmon"
            id="ABCD"
            size="8.067334109390472"
            strokeColor="darkblue"
            x="156"
            y="88.8888888888889"
          />
          <node-stub
            fill="lightsalmon"
            id="AB"
            size="8.067334109390472"
            strokeColor="darkblue"
            x="78"
            y="222.22222222222223"
          />
          <node-stub
            fill="lightsalmon"
            id="CD"
            size="8.067334109390472"
            strokeColor="darkblue"
            x="234"
            y="177.7777777777778"
          />
          <node-stub
            fill="steelblue"
            id="E"
            show="true"
            size="8.067334109390472"
            strokeColor="darkblue"
            x="351"
            y="311.1111111111111"
          />
          <node-stub
            fill="steelblue"
            id="A"
            show="true"
            size="8.067334109390472"
            strokeColor="darkblue"
            x="39"
            y="311.1111111111111"
          />
          <node-stub
            fill="steelblue"
            id="B"
            show="true"
            size="8.067334109390472"
            strokeColor="darkblue"
            x="117"
            y="355.5555555555556"
          />
          <node-stub
            fill="steelblue"
            id="C"
            show="true"
            size="8.067334109390472"
            strokeColor="darkblue"
            x="195"
            y="400"
          />
          <node-stub
            fill="steelblue"
            id="D"
            show="true"
            size="8.067334109390472"
            strokeColor="darkblue"
            x="273"
            y="311.1111111111111"
          />
        </g>
         
        <g
          transform="translate(10, 10)"
        >
          <label-stub
            background=""
            borderColor="black"
            borderWidth="0"
            color="black"
            fontWeight="normal"
            id="ABCDE"
            label=""
            size="8.067334109390472"
            style="display: none;"
            x="253.5"
            y="16.134668218780945"
          />
          <label-stub
            background=""
            borderColor="black"
            borderWidth="0"
            color="black"
            fontWeight="normal"
            id="ABCD"
            label=""
            size="8.067334109390472"
            style="display: none;"
            x="156"
            y="105.02355710766984"
          />
          <label-stub
            background=""
            borderColor="black"
            borderWidth="0"
            color="black"
            fontWeight="normal"
            id="AB"
            label=""
            size="8.067334109390472"
            style="display: none;"
            x="78"
            y="238.35689044100317"
          />
          <label-stub
            background=""
            borderColor="black"
            borderWidth="0"
            color="black"
            fontWeight="normal"
            id="CD"
            label="CD"
            size="8.067334109390472"
            style="display: none;"
            x="234"
            y="193.91244599655874"
          />
          <label-stub
            background=""
            borderColor="black"
            borderWidth="0"
            color="black"
            fontWeight="normal"
            id="E"
            label="E"
            size="8.067334109390472"
            x="351"
            y="327.245779329892"
          />
          <label-stub
            background=""
            borderColor="black"
            borderWidth="0"
            color="black"
            fontWeight="normal"
            id="A"
            label="A"
            size="8.067334109390472"
            x="39"
            y="327.245779329892"
          />
          <label-stub
            background=""
            borderColor="black"
            borderWidth="0"
            color="black"
            fontWeight="normal"
            id="B"
            label="B"
            size="8.067334109390472"
            x="117"
            y="371.6902237743366"
          />
          <label-stub
            background=""
            borderColor="black"
            borderWidth="0"
            color="black"
            fontWeight="normal"
            id="C"
            label="C"
            size="8.067334109390472"
            x="195"
            y="416.1346682187809"
          />
          <label-stub
            background=""
            borderColor="black"
            borderWidth="0"
            color="black"
            fontWeight="normal"
            id="D"
            label="D"
            size="8.067334109390472"
            x="273"
            y="327.245779329892"
          />
        </g>
         
        <g
          style="display: none;"
          transform="translate(10, 10)"
        >
          <link-stub
            dashed="true"
            rightAngle="true"
            source="[object Object]"
            stroke="grey"
            strokeWidth="1.2208371491341792"
            target="[object Object]"
          />
          <link-stub
            dashed="true"
            rightAngle="true"
            source="[object Object]"
            stroke="grey"
            strokeWidth="1.2208371491341792"
            target="[object Object]"
          />
          <link-stub
            dashed="true"
            rightAngle="true"
            source="[object Object]"
            stroke="grey"
            strokeWidth="1.2208371491341792"
            target="[object Object]"
          />
          <link-stub
            dashed="true"
            rightAngle="true"
            source="[object Object]"
            stroke="grey"
            strokeWidth="1.2208371491341792"
            target="[object Object]"
          />
          <link-stub
            dashed="true"
            rightAngle="true"
            source="[object Object]"
            stroke="grey"
            strokeWidth="1.2208371491341792"
            target="[object Object]"
          />
        </g>
         
        <!---->
      </g>
    </svg>
  </svgpanzoom-stub>
</div>
`;

exports[`Phylogram component Tree from inputTree with different length key works 1`] = `
<div
  id="phylogram"
>
  <svgpanzoom-stub
    center="true"
    dblclickzoomenabled="true"
    maxzoom="10"
    minzoom="0.5"
    mousewheelzoomenabled="true"
    panenabled="true"
    preventmouseeventsdefault="true"
    refreshrate="auto"
    style="width: 600px; height: 400px;"
    viewportselector=".svg-pan-zoom_viewport"
    zoomenabled="true"
    zoomscalesensitivity="0.2"
  >
    <svg
      height="400"
      id="svgphylo"
      width="600"
    >
      <g
        id="groupphylo"
        transform="translate(10,10)"
      >
        <g
          transform="translate(10, 10)"
        >
          <link-stub
            rightAngle="true"
            source="[object Object]"
            stroke="black"
            strokeWidth="2.4416742982683584"
            target="[object Object]"
          />
          <link-stub
            rightAngle="true"
            source="[object Object]"
            stroke="black"
            strokeWidth="2.4416742982683584"
            target="[object Object]"
          />
          <link-stub
            rightAngle="true"
            source="[object Object]"
            stroke="black"
            strokeWidth="2.4416742982683584"
            target="[object Object]"
          />
          <link-stub
            rightAngle="true"
            source="[object Object]"
            stroke="black"
            strokeWidth="2.4416742982683584"
            target="[object Object]"
          />
          <link-stub
            rightAngle="true"
            source="[object Object]"
            stroke="black"
            strokeWidth="2.4416742982683584"
            target="[object Object]"
          />
          <link-stub
            rightAngle="true"
            source="[object Object]"
            stroke="black"
            strokeWidth="2.4416742982683584"
            target="[object Object]"
          />
          <link-stub
            rightAngle="true"
            source="[object Object]"
            stroke="black"
            strokeWidth="2.4416742982683584"
            target="[object Object]"
          />
          <link-stub
            rightAngle="true"
            source="[object Object]"
            stroke="black"
            strokeWidth="2.4416742982683584"
            target="[object Object]"
          />
        </g>
         
        <g
          transform="translate(10, 10)"
        >
          <node-stub
            fill="greenyellow"
            id="ABCDE"
            show="true"
            size="8.067334109390472"
            strokeColor="darkblue"
            x="253.5"
            y="0"
          />
          <node-stub
            fill="lightsalmon"
            id="ABCD"
            size="8.067334109390472"
            strokeColor="darkblue"
            x="156"
            y="88.8888888888889"
          />
          <node-stub
            fill="lightsalmon"
            id="AB"
            size="8.067334109390472"
            strokeColor="darkblue"
            x="78"
            y="222.22222222222223"
          />
          <node-stub
            fill="lightsalmon"
            id="CD"
            size="8.067334109390472"
            strokeColor="darkblue"
            x="234"
            y="177.7777777777778"
          />
          <node-stub
            fill="steelblue"
            id="E"
            show="true"
            size="8.067334109390472"
            strokeColor="darkblue"
            x="351"
            y="311.1111111111111"
          />
          <node-stub
            fill="steelblue"
            id="A"
            show="true"
            size="8.067334109390472"
            strokeColor="darkblue"
            x="39"
            y="311.1111111111111"
          />
          <node-stub
            fill="steelblue"
            id="B"
            show="true"
            size="8.067334109390472"
            strokeColor="darkblue"
            x="117"
            y="355.5555555555556"
          />
          <node-stub
            fill="steelblue"
            id="C"
            show="true"
            size="8.067334109390472"
            strokeColor="darkblue"
            x="195"
            y="400"
          />
          <node-stub
            fill="steelblue"
            id="D"
            show="true"
            size="8.067334109390472"
            strokeColor="darkblue"
            x="273"
            y="311.1111111111111"
          />
        </g>
         
        <g
          transform="translate(10, 10)"
        >
          <label-stub
            background=""
            borderColor="black"
            borderWidth="0"
            color="black"
            fontWeight="normal"
            id="ABCDE"
            label=""
            size="8.067334109390472"
            style="display: none;"
            x="253.5"
            y="16.134668218780945"
          />
          <label-stub
            background=""
            borderColor="black"
            borderWidth="0"
            color="black"
            fontWeight="normal"
            id="ABCD"
            label=""
            size="8.067334109390472"
            style="display: none;"
            x="156"
            y="105.02355710766984"
          />
          <label-stub
            background=""
            borderColor="black"
            borderWidth="0"
            color="black"
            fontWeight="normal"
            id="AB"
            label=""
            size="8.067334109390472"
            style="display: none;"
            x="78"
            y="238.35689044100317"
          />
          <label-stub
            background=""
            borderColor="black"
            borderWidth="0"
            color="black"
            fontWeight="normal"
            id="CD"
            label="CD"
            size="8.067334109390472"
            style="display: none;"
            x="234"
            y="193.91244599655874"
          />
          <label-stub
            background=""
            borderColor="black"
            borderWidth="0"
            color="black"
            fontWeight="normal"
            id="E"
            label="E"
            size="8.067334109390472"
            x="351"
            y="327.245779329892"
          />
          <label-stub
            background=""
            borderColor="black"
            borderWidth="0"
            color="black"
            fontWeight="normal"
            id="A"
            label="A"
            size="8.067334109390472"
            x="39"
            y="327.245779329892"
          />
          <label-stub
            background=""
            borderColor="black"
            borderWidth="0"
            color="black"
            fontWeight="normal"
            id="B"
            label="B"
            size="8.067334109390472"
            x="117"
            y="371.6902237743366"
          />
          <label-stub
            background=""
            borderColor="black"
            borderWidth="0"
            color="black"
            fontWeight="normal"
            id="C"
            label="C"
            size="8.067334109390472"
            x="195"
            y="416.1346682187809"
          />
          <label-stub
            background=""
            borderColor="black"
            borderWidth="0"
            color="black"
            fontWeight="normal"
            id="D"
            label="D"
            size="8.067334109390472"
            x="273"
            y="327.245779329892"
          />
        </g>
         
        <g
          style="display: none;"
          transform="translate(10, 10)"
        >
          <link-stub
            dashed="true"
            rightAngle="true"
            source="[object Object]"
            stroke="grey"
            strokeWidth="1.2208371491341792"
            target="[object Object]"
          />
          <link-stub
            dashed="true"
            rightAngle="true"
            source="[object Object]"
            stroke="grey"
            strokeWidth="1.2208371491341792"
            target="[object Object]"
          />
          <link-stub
            dashed="true"
            rightAngle="true"
            source="[object Object]"
            stroke="grey"
            strokeWidth="1.2208371491341792"
            target="[object Object]"
          />
          <link-stub
            dashed="true"
            rightAngle="true"
            source="[object Object]"
            stroke="grey"
            strokeWidth="1.2208371491341792"
            target="[object Object]"
          />
          <link-stub
            dashed="true"
            rightAngle="true"
            source="[object Object]"
            stroke="grey"
            strokeWidth="1.2208371491341792"
            target="[object Object]"
          />
        </g>
         
        <!---->
      </g>
    </svg>
  </svgpanzoom-stub>
</div>
`;

exports[`Phylogram component Tree from inputTree works 1`] = `
<div
  id="phylogram"
>
  <svgpanzoom-stub
    center="true"
    dblclickzoomenabled="true"
    maxzoom="10"
    minzoom="0.5"
    mousewheelzoomenabled="true"
    panenabled="true"
    preventmouseeventsdefault="true"
    refreshrate="auto"
    style="width: 600px; height: 400px;"
    viewportselector=".svg-pan-zoom_viewport"
    zoomenabled="true"
    zoomscalesensitivity="0.2"
  >
    <svg
      height="400"
      id="svgphylo"
      width="600"
    >
      <g
        id="groupphylo"
        transform="translate(10,10)"
      >
        <g
          transform="translate(10, 10)"
        >
          <link-stub
            rightAngle="true"
            source="[object Object]"
            stroke="black"
            strokeWidth="2.4416742982683584"
            target="[object Object]"
          />
          <link-stub
            rightAngle="true"
            source="[object Object]"
            stroke="black"
            strokeWidth="2.4416742982683584"
            target="[object Object]"
          />
          <link-stub
            rightAngle="true"
            source="[object Object]"
            stroke="black"
            strokeWidth="2.4416742982683584"
            target="[object Object]"
          />
          <link-stub
            rightAngle="true"
            source="[object Object]"
            stroke="black"
            strokeWidth="2.4416742982683584"
            target="[object Object]"
          />
          <link-stub
            rightAngle="true"
            source="[object Object]"
            stroke="black"
            strokeWidth="2.4416742982683584"
            target="[object Object]"
          />
          <link-stub
            rightAngle="true"
            source="[object Object]"
            stroke="black"
            strokeWidth="2.4416742982683584"
            target="[object Object]"
          />
          <link-stub
            rightAngle="true"
            source="[object Object]"
            stroke="black"
            strokeWidth="2.4416742982683584"
            target="[object Object]"
          />
          <link-stub
            rightAngle="true"
            source="[object Object]"
            stroke="black"
            strokeWidth="2.4416742982683584"
            target="[object Object]"
          />
        </g>
         
        <g
          transform="translate(10, 10)"
        >
          <node-stub
            fill="greenyellow"
            id="ABCDE"
            show="true"
            size="8.067334109390472"
            strokeColor="darkblue"
            x="253.5"
            y="0"
          />
          <node-stub
            fill="lightsalmon"
            id="ABCD"
            size="8.067334109390472"
            strokeColor="darkblue"
            x="156"
            y="88.8888888888889"
          />
          <node-stub
            fill="lightsalmon"
            id="AB"
            size="8.067334109390472"
            strokeColor="darkblue"
            x="78"
            y="222.22222222222223"
          />
          <node-stub
            fill="lightsalmon"
            id="CD"
            size="8.067334109390472"
            strokeColor="darkblue"
            x="234"
            y="177.7777777777778"
          />
          <node-stub
            fill="steelblue"
            id="E"
            show="true"
            size="8.067334109390472"
            strokeColor="darkblue"
            x="351"
            y="311.1111111111111"
          />
          <node-stub
            fill="steelblue"
            id="A"
            show="true"
            size="8.067334109390472"
            strokeColor="darkblue"
            x="39"
            y="311.1111111111111"
          />
          <node-stub
            fill="steelblue"
            id="B"
            show="true"
            size="8.067334109390472"
            strokeColor="darkblue"
            x="117"
            y="355.5555555555556"
          />
          <node-stub
            fill="steelblue"
            id="C"
            show="true"
            size="8.067334109390472"
            strokeColor="darkblue"
            x="195"
            y="400"
          />
          <node-stub
            fill="steelblue"
            id="D"
            show="true"
            size="8.067334109390472"
            strokeColor="darkblue"
            x="273"
            y="311.1111111111111"
          />
        </g>
         
        <g
          transform="translate(10, 10)"
        >
          <label-stub
            background=""
            borderColor="black"
            borderWidth="0"
            color="black"
            fontWeight="normal"
            id="ABCDE"
            label=""
            size="8.067334109390472"
            style="display: none;"
            x="253.5"
            y="16.134668218780945"
          />
          <label-stub
            background=""
            borderColor="black"
            borderWidth="0"
            color="black"
            fontWeight="normal"
            id="ABCD"
            label=""
            size="8.067334109390472"
            style="display: none;"
            x="156"
            y="105.02355710766984"
          />
          <label-stub
            background=""
            borderColor="black"
            borderWidth="0"
            color="black"
            fontWeight="normal"
            id="AB"
            label=""
            size="8.067334109390472"
            style="display: none;"
            x="78"
            y="238.35689044100317"
          />
          <label-stub
            background=""
            borderColor="black"
            borderWidth="0"
            color="black"
            fontWeight="normal"
            id="CD"
            label="CD"
            size="8.067334109390472"
            style="display: none;"
            x="234"
            y="193.91244599655874"
          />
          <label-stub
            background=""
            borderColor="black"
            borderWidth="0"
            color="black"
            fontWeight="normal"
            id="E"
            label="E"
            size="8.067334109390472"
            x="351"
            y="327.245779329892"
          />
          <label-stub
            background=""
            borderColor="black"
            borderWidth="0"
            color="black"
            fontWeight="normal"
            id="A"
            label="A"
            size="8.067334109390472"
            x="39"
            y="327.245779329892"
          />
          <label-stub
            background=""
            borderColor="black"
            borderWidth="0"
            color="black"
            fontWeight="normal"
            id="B"
            label="B"
            size="8.067334109390472"
            x="117"
            y="371.6902237743366"
          />
          <label-stub
            background=""
            borderColor="black"
            borderWidth="0"
            color="black"
            fontWeight="normal"
            id="C"
            label="C"
            size="8.067334109390472"
            x="195"
            y="416.1346682187809"
          />
          <label-stub
            background=""
            borderColor="black"
            borderWidth="0"
            color="black"
            fontWeight="normal"
            id="D"
            label="D"
            size="8.067334109390472"
            x="273"
            y="327.245779329892"
          />
        </g>
         
        <g
          style="display: none;"
          transform="translate(10, 10)"
        >
          <link-stub
            dashed="true"
            rightAngle="true"
            source="[object Object]"
            stroke="grey"
            strokeWidth="1.2208371491341792"
            target="[object Object]"
          />
          <link-stub
            dashed="true"
            rightAngle="true"
            source="[object Object]"
            stroke="grey"
            strokeWidth="1.2208371491341792"
            target="[object Object]"
          />
          <link-stub
            dashed="true"
            rightAngle="true"
            source="[object Object]"
            stroke="grey"
            strokeWidth="1.2208371491341792"
            target="[object Object]"
          />
          <link-stub
            dashed="true"
            rightAngle="true"
            source="[object Object]"
            stroke="grey"
            strokeWidth="1.2208371491341792"
            target="[object Object]"
          />
          <link-stub
            dashed="true"
            rightAngle="true"
            source="[object Object]"
            stroke="grey"
            strokeWidth="1.2208371491341792"
            target="[object Object]"
          />
        </g>
         
        <!---->
      </g>
    </svg>
  </svgpanzoom-stub>
</div>
`;

exports[`Phylogram component Tree from newick works 1`] = `
<div
  id="phylogram"
>
  <svgpanzoom-stub
    center="true"
    dblclickzoomenabled="true"
    maxzoom="10"
    minzoom="0.5"
    mousewheelzoomenabled="true"
    panenabled="true"
    preventmouseeventsdefault="true"
    refreshrate="auto"
    style="width: 600px; height: 400px;"
    viewportselector=".svg-pan-zoom_viewport"
    zoomenabled="true"
    zoomscalesensitivity="0.2"
  >
    <svg
      height="400"
      id="svgphylo"
      width="600"
    >
      <g
        id="groupphylo"
        transform="translate(10,10)"
      >
        <g
          transform="translate(10, 10)"
        >
          <link-stub
            rightAngle="true"
            source="[object Object]"
            stroke="black"
            strokeWidth="2.4416742982683584"
            target="[object Object]"
          />
          <link-stub
            rightAngle="true"
            source="[object Object]"
            stroke="black"
            strokeWidth="2.4416742982683584"
            target="[object Object]"
          />
          <link-stub
            rightAngle="true"
            source="[object Object]"
            stroke="black"
            strokeWidth="2.4416742982683584"
            target="[object Object]"
          />
          <link-stub
            rightAngle="true"
            source="[object Object]"
            stroke="black"
            strokeWidth="2.4416742982683584"
            target="[object Object]"
          />
          <link-stub
            rightAngle="true"
            source="[object Object]"
            stroke="black"
            strokeWidth="2.4416742982683584"
            target="[object Object]"
          />
          <link-stub
            rightAngle="true"
            source="[object Object]"
            stroke="black"
            strokeWidth="2.4416742982683584"
            target="[object Object]"
          />
          <link-stub
            rightAngle="true"
            source="[object Object]"
            stroke="black"
            strokeWidth="2.4416742982683584"
            target="[object Object]"
          />
          <link-stub
            rightAngle="true"
            source="[object Object]"
            stroke="black"
            strokeWidth="2.4416742982683584"
            target="[object Object]"
          />
        </g>
         
        <g
          transform="translate(10, 10)"
        >
          <node-stub
            fill="greenyellow"
            id="node11"
            show="true"
            size="8.067334109390472"
            strokeColor="darkblue"
            x="253.5"
            y="200"
          />
          <node-stub
            fill="lightsalmon"
            id="node8"
            size="8.067334109390472"
            strokeColor="darkblue"
            x="156"
            y="260"
          />
          <node-stub
            fill="lightsalmon"
            id="node2"
            size="8.067334109390472"
            strokeColor="darkblue"
            x="78"
            y="320"
          />
          <node-stub
            fill="lightsalmon"
            id="node6"
            size="8.067334109390472"
            strokeColor="darkblue"
            x="234"
            y="300"
          />
          <node-stub
            fill="steelblue"
            id="E"
            show="true"
            size="8.067334109390472"
            strokeColor="darkblue"
            x="351"
            y="340"
          />
          <node-stub
            fill="steelblue"
            id="A"
            show="true"
            size="8.067334109390472"
            strokeColor="darkblue"
            x="39"
            y="360"
          />
          <node-stub
            fill="steelblue"
            id="B"
            show="true"
            size="8.067334109390472"
            strokeColor="darkblue"
            x="117"
            y="380"
          />
          <node-stub
            fill="steelblue"
            id="C"
            show="true"
            size="8.067334109390472"
            strokeColor="darkblue"
            x="195"
            y="400"
          />
          <node-stub
            fill="steelblue"
            id="D"
            show="true"
            size="8.067334109390472"
            strokeColor="darkblue"
            x="273"
            y="360"
          />
        </g>
         
        <g
          transform="translate(10, 10)"
        >
          <label-stub
            background=""
            borderColor="black"
            borderWidth="0"
            color="black"
            fontWeight="normal"
            id="node11"
            label="node11"
            size="8.067334109390472"
            style="display: none;"
            x="253.5"
            y="216.13466821878094"
          />
          <label-stub
            background=""
            borderColor="black"
            borderWidth="0"
            color="black"
            fontWeight="normal"
            id="node8"
            label="node8"
            size="8.067334109390472"
            style="display: none;"
            x="156"
            y="276.1346682187809"
          />
          <label-stub
            background=""
            borderColor="black"
            borderWidth="0"
            color="black"
            fontWeight="normal"
            id="node2"
            label="node2"
            size="8.067334109390472"
            style="display: none;"
            x="78"
            y="336.1346682187809"
          />
          <label-stub
            background=""
            borderColor="black"
            borderWidth="0"
            color="black"
            fontWeight="normal"
            id="node6"
            label="node6"
            size="8.067334109390472"
            style="display: none;"
            x="234"
            y="316.1346682187809"
          />
          <label-stub
            background=""
            borderColor="black"
            borderWidth="0"
            color="black"
            fontWeight="normal"
            id="E"
            label="E"
            size="8.067334109390472"
            x="351"
            y="356.1346682187809"
          />
          <label-stub
            background=""
            borderColor="black"
            borderWidth="0"
            color="black"
            fontWeight="normal"
            id="A"
            label="A"
            size="8.067334109390472"
            x="39"
            y="376.1346682187809"
          />
          <label-stub
            background=""
            borderColor="black"
            borderWidth="0"
            color="black"
            fontWeight="normal"
            id="B"
            label="B"
            size="8.067334109390472"
            x="117"
            y="396.1346682187809"
          />
          <label-stub
            background=""
            borderColor="black"
            borderWidth="0"
            color="black"
            fontWeight="normal"
            id="C"
            label="C"
            size="8.067334109390472"
            x="195"
            y="416.1346682187809"
          />
          <label-stub
            background=""
            borderColor="black"
            borderWidth="0"
            color="black"
            fontWeight="normal"
            id="D"
            label="D"
            size="8.067334109390472"
            x="273"
            y="376.1346682187809"
          />
        </g>
         
        <g
          style="display: none;"
          transform="translate(10, 10)"
        >
          <link-stub
            dashed="true"
            rightAngle="true"
            source="[object Object]"
            stroke="grey"
            strokeWidth="1.2208371491341792"
            target="[object Object]"
          />
          <link-stub
            dashed="true"
            rightAngle="true"
            source="[object Object]"
            stroke="grey"
            strokeWidth="1.2208371491341792"
            target="[object Object]"
          />
          <link-stub
            dashed="true"
            rightAngle="true"
            source="[object Object]"
            stroke="grey"
            strokeWidth="1.2208371491341792"
            target="[object Object]"
          />
          <link-stub
            dashed="true"
            rightAngle="true"
            source="[object Object]"
            stroke="grey"
            strokeWidth="1.2208371491341792"
            target="[object Object]"
          />
          <link-stub
            dashed="true"
            rightAngle="true"
            source="[object Object]"
            stroke="grey"
            strokeWidth="1.2208371491341792"
            target="[object Object]"
          />
        </g>
         
        <!---->
      </g>
    </svg>
  </svgpanzoom-stub>
</div>
`;

exports[`Phylogram component does not render if no props inputTree or newick 1`] = `
<div
  id="phylogram"
>
  <svgpanzoom-stub
    center="true"
    dblclickzoomenabled="true"
    maxzoom="10"
    minzoom="0.5"
    mousewheelzoomenabled="true"
    panenabled="true"
    preventmouseeventsdefault="true"
    refreshrate="auto"
    style="width: 600px; height: 400px;"
    viewportselector=".svg-pan-zoom_viewport"
    zoomenabled="true"
    zoomscalesensitivity="0.2"
  >
    <!---->
  </svgpanzoom-stub>
</div>
`;
